Archive member included to satisfy reference by file (symbol)

C:/NXP/S32DS_ARM_v2.2/S32DS/build_tools/gcc_v6.3/gcc-6.3-arm32-eabi/arm-none-eabi/newlib/lib/thumb/v7e-m\libc.a(lib_a-exit.o)
                              C:/NXP/S32DS_ARM_v2.2/S32DS/build_tools/gcc_v6.3/gcc-6.3-arm32-eabi/arm-none-eabi/newlib/lib/thumb/v7e-m/crt0.o (exit)
C:/NXP/S32DS_ARM_v2.2/S32DS/build_tools/gcc_v6.3/gcc-6.3-arm32-eabi/arm-none-eabi/newlib/lib/thumb/v7e-m\libc.a(lib_a-impure.o)
                              C:/NXP/S32DS_ARM_v2.2/S32DS/build_tools/gcc_v6.3/gcc-6.3-arm32-eabi/arm-none-eabi/newlib/lib/thumb/v7e-m\libc.a(lib_a-exit.o) (_global_impure_ptr)
C:/NXP/S32DS_ARM_v2.2/S32DS/build_tools/gcc_v6.3/gcc-6.3-arm32-eabi/arm-none-eabi/newlib/lib/thumb/v7e-m\libc.a(lib_a-init.o)
                              C:/NXP/S32DS_ARM_v2.2/S32DS/build_tools/gcc_v6.3/gcc-6.3-arm32-eabi/arm-none-eabi/newlib/lib/thumb/v7e-m/crt0.o (__libc_init_array)
C:/NXP/S32DS_ARM_v2.2/S32DS/build_tools/gcc_v6.3/gcc-6.3-arm32-eabi/arm-none-eabi/newlib/lib/thumb/v7e-m\libc.a(lib_a-memset.o)
                              C:/NXP/S32DS_ARM_v2.2/S32DS/build_tools/gcc_v6.3/gcc-6.3-arm32-eabi/arm-none-eabi/newlib/lib/thumb/v7e-m/crt0.o (memset)
C:/NXP/S32DS_ARM_v2.2/S32DS/build_tools/gcc_v6.3/gcc-6.3-arm32-eabi/arm-none-eabi/newlib/lib/thumb/v7e-m\libc.a(lib_a-sprintf.o)
                              ./src/Gpio.o (sprintf)
C:/NXP/S32DS_ARM_v2.2/S32DS/build_tools/gcc_v6.3/gcc-6.3-arm32-eabi/arm-none-eabi/newlib/lib/thumb/v7e-m\libc.a(lib_a-svfprintf.o)
                              C:/NXP/S32DS_ARM_v2.2/S32DS/build_tools/gcc_v6.3/gcc-6.3-arm32-eabi/arm-none-eabi/newlib/lib/thumb/v7e-m\libc.a(lib_a-sprintf.o) (_svfprintf_r)
C:/NXP/S32DS_ARM_v2.2/S32DS/build_tools/gcc_v6.3/gcc-6.3-arm32-eabi/arm-none-eabi/newlib/lib/thumb/v7e-m\libc.a(lib_a-__call_atexit.o)
                              C:/NXP/S32DS_ARM_v2.2/S32DS/build_tools/gcc_v6.3/gcc-6.3-arm32-eabi/arm-none-eabi/newlib/lib/thumb/v7e-m\libc.a(lib_a-exit.o) (__call_exitprocs)
C:/NXP/S32DS_ARM_v2.2/S32DS/build_tools/gcc_v6.3/gcc-6.3-arm32-eabi/arm-none-eabi/newlib/lib/thumb/v7e-m\libc.a(lib_a-dtoa.o)
                              C:/NXP/S32DS_ARM_v2.2/S32DS/build_tools/gcc_v6.3/gcc-6.3-arm32-eabi/arm-none-eabi/newlib/lib/thumb/v7e-m\libc.a(lib_a-svfprintf.o) (_dtoa_r)
C:/NXP/S32DS_ARM_v2.2/S32DS/build_tools/gcc_v6.3/gcc-6.3-arm32-eabi/arm-none-eabi/newlib/lib/thumb/v7e-m\libc.a(lib_a-fini.o)
                              C:/NXP/S32DS_ARM_v2.2/S32DS/build_tools/gcc_v6.3/gcc-6.3-arm32-eabi/arm-none-eabi/newlib/lib/thumb/v7e-m\libc.a(lib_a-__call_atexit.o) (__libc_fini_array)
C:/NXP/S32DS_ARM_v2.2/S32DS/build_tools/gcc_v6.3/gcc-6.3-arm32-eabi/arm-none-eabi/newlib/lib/thumb/v7e-m\libc.a(lib_a-localeconv.o)
                              C:/NXP/S32DS_ARM_v2.2/S32DS/build_tools/gcc_v6.3/gcc-6.3-arm32-eabi/arm-none-eabi/newlib/lib/thumb/v7e-m\libc.a(lib_a-svfprintf.o) (_localeconv_r)
C:/NXP/S32DS_ARM_v2.2/S32DS/build_tools/gcc_v6.3/gcc-6.3-arm32-eabi/arm-none-eabi/newlib/lib/thumb/v7e-m\libc.a(lib_a-locale.o)
                              C:/NXP/S32DS_ARM_v2.2/S32DS/build_tools/gcc_v6.3/gcc-6.3-arm32-eabi/arm-none-eabi/newlib/lib/thumb/v7e-m\libc.a(lib_a-localeconv.o) (__global_locale)
C:/NXP/S32DS_ARM_v2.2/S32DS/build_tools/gcc_v6.3/gcc-6.3-arm32-eabi/arm-none-eabi/newlib/lib/thumb/v7e-m\libc.a(lib_a-mallocr.o)
                              C:/NXP/S32DS_ARM_v2.2/S32DS/build_tools/gcc_v6.3/gcc-6.3-arm32-eabi/arm-none-eabi/newlib/lib/thumb/v7e-m\libc.a(lib_a-svfprintf.o) (_malloc_r)
C:/NXP/S32DS_ARM_v2.2/S32DS/build_tools/gcc_v6.3/gcc-6.3-arm32-eabi/arm-none-eabi/newlib/lib/thumb/v7e-m\libc.a(lib_a-mbtowc_r.o)
                              C:/NXP/S32DS_ARM_v2.2/S32DS/build_tools/gcc_v6.3/gcc-6.3-arm32-eabi/arm-none-eabi/newlib/lib/thumb/v7e-m\libc.a(lib_a-locale.o) (__ascii_mbtowc)
C:/NXP/S32DS_ARM_v2.2/S32DS/build_tools/gcc_v6.3/gcc-6.3-arm32-eabi/arm-none-eabi/newlib/lib/thumb/v7e-m\libc.a(lib_a-memchr.o)
                              C:/NXP/S32DS_ARM_v2.2/S32DS/build_tools/gcc_v6.3/gcc-6.3-arm32-eabi/arm-none-eabi/newlib/lib/thumb/v7e-m\libc.a(lib_a-svfprintf.o) (memchr)
C:/NXP/S32DS_ARM_v2.2/S32DS/build_tools/gcc_v6.3/gcc-6.3-arm32-eabi/arm-none-eabi/newlib/lib/thumb/v7e-m\libc.a(lib_a-memcpy-stub.o)
                              C:/NXP/S32DS_ARM_v2.2/S32DS/build_tools/gcc_v6.3/gcc-6.3-arm32-eabi/arm-none-eabi/newlib/lib/thumb/v7e-m\libc.a(lib_a-dtoa.o) (memcpy)
C:/NXP/S32DS_ARM_v2.2/S32DS/build_tools/gcc_v6.3/gcc-6.3-arm32-eabi/arm-none-eabi/newlib/lib/thumb/v7e-m\libc.a(lib_a-mlock.o)
                              C:/NXP/S32DS_ARM_v2.2/S32DS/build_tools/gcc_v6.3/gcc-6.3-arm32-eabi/arm-none-eabi/newlib/lib/thumb/v7e-m\libc.a(lib_a-mallocr.o) (__malloc_lock)
C:/NXP/S32DS_ARM_v2.2/S32DS/build_tools/gcc_v6.3/gcc-6.3-arm32-eabi/arm-none-eabi/newlib/lib/thumb/v7e-m\libc.a(lib_a-mprec.o)
[...]
Memory Configuration

Name             Origin             Length             Attributes
m_interrupts     0x1fff8000         0x00000400         xr
m_text           0x1fff8400         0x00007c00         xr
m_data           0x20000000         0x00006d00         rw
m_variable       0x20006d00         0x00000100         rw
m_flash_BlinkLed 0x20006e00         0x00000200         rw
*default*        0x00000000         0xffffffff

Linker script and memory map

LOAD c:/nxp/s32ds_arm_v2.2/s32ds/build_tools/gcc_v6.3/gcc-6.3-arm32-eabi/bin/../lib/gcc/arm-none-eabi/6.3.1/thumb/v7e-m/crti.o
LOAD c:/nxp/s32ds_arm_v2.2/s32ds/build_tools/gcc_v6.3/gcc-6.3-arm32-eabi/bin/../lib/gcc/arm-none-eabi/6.3.1/thumb/v7e-m/crtbegin.o
LOAD C:/NXP/S32DS_ARM_v2.2/S32DS/build_tools/gcc_v6.3/gcc-6.3-arm32-eabi/arm-none-eabi/newlib/lib/thumb/v7e-m/crt0.o
LOAD ./Project_Settings/Startup_Code/startup.o
LOAD ./Project_Settings/Startup_Code/startup_S32K144.o
LOAD ./Project_Settings/Startup_Code/system_S32K144.o
LOAD ./src/Clock.o
LOAD ./src/Gpio.o
LOAD ./src/Init_Stack.o
LOAD ./src/LPIT.o
LOAD ./src/Luart.o
LOAD ./src/main.o
START GROUP
LOAD c:/nxp/s32ds_arm_v2.2/s32ds/build_tools/gcc_v6.3/gcc-6.3-arm32-eabi/bin/../lib/gcc/arm-none-eabi/6.3.1/thumb/v7e-m\libgcc.a
LOAD C:/NXP/S32DS_ARM_v2.2/S32DS/build_tools/gcc_v6.3/gcc-6.3-arm32-eabi/arm-none-eabi/newlib/lib/thumb/v7e-m\libc.a
END GROUP
START GROUP
LOAD c:/nxp/s32ds_arm_v2.2/s32ds/build_tools/gcc_v6.3/gcc-6.3-arm32-eabi/bin/../lib/gcc/arm-none-eabi/6.3.1/thumb/v7e-m\libgcc.a
LOAD C:/NXP/S32DS_ARM_v2.2/S32DS/build_tools/gcc_v6.3/gcc-6.3-arm32-eabi/arm-none-eabi/newlib/lib/thumb/v7e-m\libc.a
LOAD C:/NXP/S32DS_ARM_v2.2/S32DS/build_tools/gcc_v6.3/gcc-6.3-arm32-eabi/arm-none-eabi/newlib/lib/thumb/v7e-m\libnosys.a
END GROUP
LOAD c:/nxp/s32ds_arm_v2.2/s32ds/build_tools/gcc_v6.3/gcc-6.3-arm32-eabi/bin/../lib/gcc/arm-none-eabi/6.3.1/thumb/v7e-m/crtend.o
LOAD c:/nxp/s32ds_arm_v2.2/s32ds/build_tools/gcc_v6.3/gcc-6.3-arm32-eabi/bin/../lib/gcc/arm-none-eabi/6.3.1/thumb/v7e-m/crtn.o
                0x00000400                HEAP_SIZE = DEFINED (__heap_size__)?__heap_size__:0x400
                0x00000400                STACK_SIZE = DEFINED (__stack_size__)?__stack_size__:0x400

.interrupts     0x1fff8000      0x400
                0x1fff8000                __VECTOR_TABLE = .
                0x1fff8000                __interrupts_start__ = .
                0x1fff8000                . = ALIGN (0x4)
 *(.isr_vector)
 .isr_vector    0x1fff8000      0x400 ./Project_Settings/Startup_Code/startup_S32K144.o
                0x1fff8000                __isr_vector
                0x1fff8400                __interrupts_end__ = .
                0x1fff8400                . = ALIGN (0x4)
                0x1fff8000                __VECTOR_RAM = __VECTOR_TABLE
                0x00000000                __RAM_VECTOR_TABLE_SIZE = 0x0

.text           0x1fff8400     0x48b0
                0x1fff8400                . = ALIGN (0x4)
 *(.text)
 .text          0x1fff8400       0xa4 c:/nxp/s32ds_arm_v2.2/s32ds/build_tools/gcc_v6.3/gcc-6.3-arm32-eabi/bin/../lib/gcc/arm-none-eabi/6.3.1/thumb/v7e-m/crtbegin.o
 .text          0x1fff84a4       0x48 ./Project_Settings/Startup_Code/startup_S32K144.o
                0x1fff84a4                Reset_Handler
                0x1fff84e8                DebugMon_Handler
                0x1fff84e8                Reserved88_IRQHandler
                0x1fff84e8                CAN0_ORed_IRQHandler
                0x1fff84e8                HardFault_Handler
                0x1fff84e8                Reserved86_IRQHandler
                0x1fff84e8                Reserved103_IRQHandler
                0x1fff84e8                SysTick_Handler
                0x1fff84e8                FTM2_Ovf_Reload_IRQHandler
                0x1fff84e8                Reserved50_IRQHandler
                0x1fff84e8                FTFC_Fault_IRQHandler
                0x1fff84e8                FTM0_Ch6_Ch7_IRQHandler
                0x1fff84e8                Reserved114_IRQHandler
                0x1fff84e8                PendSV_Handler
                0x1fff84e8                NMI_Handler
                0x1fff84e8                Reserved89_IRQHandler
                0x1fff84e8                ERM_double_fault_IRQHandler
                0x1fff84e8                DMA2_IRQHandler
                0x1fff84e8                Reserved59_IRQHandler
                0x1fff84e8                Reserved99_IRQHandler
                0x1fff84e8                FTM3_Ch6_Ch7_IRQHandler
                0x1fff84e8                CAN2_ORed_0_15_MB_IRQHandler
                0x1fff84e8                LPIT0_Ch3_IRQHandler
                0x1fff84e8                Reserved92_IRQHandler
                0x1fff84e8                FTM0_Ch4_Ch5_IRQHandler
                0x1fff84e8                CAN1_Error_IRQHandler
                0x1fff84e8                FTM3_Ch0_Ch1_IRQHandler
                0x1fff84e8                SWI_IRQHandler
                0x1fff84e8                ADC0_IRQHandler
                0x1fff84e8                FTM2_Ch4_Ch5_IRQHandler
                0x1fff84e8                UsageFault_Handler
                0x1fff84e8                FTM0_Ovf_Reload_IRQHandler
                0x1fff84e8                DefaultISR
                0x1fff84e8                DMA9_IRQHandler
                0x1fff84e8                Reserved58_IRQHandler
                0x1fff84e8                CAN1_ORed_0_15_MB_IRQHandler
                0x1fff84e8                FTM1_Ch2_Ch3_IRQHandler
                0x1fff84e8                DMA14_IRQHandler
                0x1fff84e8                Reserved82_IRQHandler
                0x1fff84e8                CAN0_ORed_16_31_MB_IRQHandler
                0x1fff84e8                LPI2C0_Slave_IRQHandler
                0x1fff84e8                Reserved71_IRQHandler
                0x1fff84e8                PORTD_IRQHandler
                0x1fff84e8                Reserved69_IRQHandler
                0x1fff84e8                PORTB_IRQHandler
                0x1fff84e8                Reserved70_IRQHandler
                0x1fff84e8                ADC1_IRQHandler
                0x1fff84e8                FTM2_Ch2_Ch3_IRQHandler
                0x1fff84e8                Reserved53_IRQHandler
                0x1fff84e8                DMA5_IRQHandler
                0x1fff84e8                RTC_IRQHandler
                0x1fff84e8                PDB0_IRQHandler
                0x1fff84e8                Reserved54_IRQHandler
                0x1fff84e8                FTM2_Ch6_Ch7_IRQHandler
                0x1fff84e8                FTM3_Ch2_Ch3_IRQHandler
                0x1fff84e8                FTM2_Ch0_Ch1_IRQHandler
                0x1fff84e8                LPSPI1_IRQHandler
                0x1fff84e8                RTC_Seconds_IRQHandler
                0x1fff84e8                CAN2_ORed_IRQHandler
                0x1fff84e8                Reserved72_IRQHandler
                0x1fff84e8                Reserved110_IRQHandler
                0x1fff84e8                DMA11_IRQHandler
                0x1fff84e8                Reserved107_IRQHandler
                0x1fff84e8                Read_Collision_IRQHandler
                0x1fff84e8                CAN2_Error_IRQHandler
                0x1fff84e8                FTFC_IRQHandler
                0x1fff84e8                DMA7_IRQHandler
                0x1fff84e8                FTM1_Ch6_Ch7_IRQHandler
                0x1fff84e8                Reserved105_IRQHandler
                0x1fff84e8                FTM1_Ch4_Ch5_IRQHandler
                0x1fff84e8                FTM3_Ovf_Reload_IRQHandler
                0x1fff84e8                LPUART2_RxTx_IRQHandler
                0x1fff84e8                LPSPI0_IRQHandler
                0x1fff84e8                WDOG_EWM_IRQHandler
                0x1fff84e8                MemManage_Handler
                0x1fff84e8                Reserved90_IRQHandler
                0x1fff84e8                Reserved83_IRQHandler
                0x1fff84e8                FTM0_Fault_IRQHandler
                0x1fff84e8                Reserved48_IRQHandler
                0x1fff84e8                SVC_Handler
                0x1fff84e8                ERM_single_fault_IRQHandler
                0x1fff84e8                FTM2_Fault_IRQHandler
                0x1fff84e8                FTM0_Ch2_Ch3_IRQHandler
                0x1fff84e8                DMA13_IRQHandler
                0x1fff84e8                FTM0_Ch0_Ch1_IRQHandler
                0x1fff84e8                FTM3_Fault_IRQHandler
                0x1fff84e8                RCM_IRQHandler
                0x1fff84e8                DMA3_IRQHandler
                0x1fff84e8                Reserved100_IRQHandler
                0x1fff84e8                DMA0_IRQHandler
                0x1fff84e8                Reserved91_IRQHandler
                0x1fff84e8                CAN1_ORed_IRQHandler
                0x1fff84e8                DMA15_IRQHandler
                0x1fff84e8                SCG_IRQHandler
                0x1fff84e8                PDB1_IRQHandler
                0x1fff84e8                Reserved81_IRQHandler
                0x1fff84e8                Reserved46_IRQHandler
                0x1fff84e8                Reserved45_IRQHandler
                0x1fff84e8                CAN0_Error_IRQHandler
                0x1fff84e8                Reserved112_IRQHandler
                0x1fff84e8                LPI2C0_Master_IRQHandler
                0x1fff84e8                DMA4_IRQHandler
                0x1fff84e8                FTM1_Fault_IRQHandler
                0x1fff84e8                Reserved106_IRQHandler
                0x1fff84e8                DMA_Error_IRQHandler
                0x1fff84e8                LVD_LVW_IRQHandler
                0x1fff84e8                LPIT0_Ch2_IRQHandler
                0x1fff84e8                PORTA_IRQHandler
                0x1fff84e8                MCM_IRQHandler
                0x1fff84e8                LPSPI2_IRQHandler
                0x1fff84e8                DMA12_IRQHandler
                0x1fff84e8                FTM3_Ch4_Ch5_IRQHandler
                0x1fff84e8                CAN0_ORed_0_15_MB_IRQHandler
                0x1fff84e8                PORTE_IRQHandler
                0x1fff84e8                LPUART0_RxTx_IRQHandler
                0x1fff84e8                LPTMR0_IRQHandler
                0x1fff84e8                BusFault_Handler
                0x1fff84e8                Reserved87_IRQHandler
                0x1fff84e8                FTM1_Ovf_Reload_IRQHandler
                0x1fff84e8                DMA8_IRQHandler
                0x1fff84e8                Reserved93_IRQHandler
                0x1fff84e8                DMA10_IRQHandler
                0x1fff84e8                CAN0_Wake_Up_IRQHandler
                0x1fff84e8                CMP0_IRQHandler
                0x1fff84e8                Reserved52_IRQHandler
                0x1fff84e8                DMA6_IRQHandler
                0x1fff84e8                FTM1_Ch0_Ch1_IRQHandler
                0x1fff84e8                FLEXIO_IRQHandler
                0x1fff84e8                DMA1_IRQHandler
                0x1fff84e8                Reserved113_IRQHandler
 .text          0x1fff84ec        0xc ./src/Init_Stack.o
                0x1fff84ec                Init_Stack
 *fill*         0x1fff84f8        0x8 
 .text          0x1fff8500       0xa0 C:/NXP/S32DS_ARM_v2.2/S32DS/build_tools/gcc_v6.3/gcc-6.3-arm32-eabi/arm-none-eabi/newlib/lib/thumb/v7e-m\libc.a(lib_a-memchr.o)
                0x1fff8500                memchr
 .text          0x1fff85a0       0x10 C:/NXP/S32DS_ARM_v2.2/S32DS/build_tools/gcc_v6.3/gcc-6.3-arm32-eabi/arm-none-eabi/newlib/lib/thumb/v7e-m\libc.a(lib_a-strlen.o)
                0x1fff85a0                strlen
 .text          0x1fff85b0      0x378 c:/nxp/s32ds_arm_v2.2/s32ds/build_tools/gcc_v6.3/gcc-6.3-arm32-eabi/bin/../lib/gcc/arm-none-eabi/6.3.1/thumb/v7e-m\libgcc.a(_arm_addsubdf3.o)
                0x1fff85b0                __aeabi_drsub
                0x1fff85b8                __aeabi_dsub
                0x1fff85b8                __subdf3
                0x1fff85bc                __aeabi_dadd
                0x1fff85bc                __adddf3
                0x1fff8834                __floatunsidf
                0x1fff8834                __aeabi_ui2d
                0x1fff8854                __floatsidf
                0x1fff8854                __aeabi_i2d
                0x1fff8878                __aeabi_f2d
                0x1fff8878                __extendsfdf2
                0x1fff88bc                __floatundidf
                0x1fff88bc                __aeabi_ul2d
                0x1fff88cc                __floatdidf
                0x1fff88cc                __aeabi_l2d
 .text          0x1fff8928      0x424 c:/nxp/s32ds_arm_v2.2/s32ds/build_tools/gcc_v6.3/gcc-6.3-arm32-eabi/bin/../lib/gcc/arm-none-eabi/6.3.1/thumb/v7e-m\libgcc.a(_arm_muldivdf3.o)
                0x1fff8928                __aeabi_dmul
                0x1fff8928                __muldf3
                0x1fff8b7c                __divdf3
                0x1fff8b7c                __aeabi_ddiv
 .text          0x1fff8d4c      0x110 c:/nxp/s32ds_arm_v2.2/s32ds/build_tools/gcc_v6.3/gcc-6.3-arm32-eabi/bin/../lib/gcc/arm-none-eabi/6.3.1/thumb/v7e-m\libgcc.a(_arm_cmpdf2.o)
                0x1fff8d4c                __gtdf2
                0x1fff8d4c                __gedf2
                0x1fff8d54                __ltdf2
                0x1fff8d54                __ledf2
                0x1fff8d5c                __nedf2
                0x1fff8d5c                __eqdf2
                0x1fff8d5c                __cmpdf2
                0x1fff8dd8                __aeabi_cdrcmple
                0x1fff8de8                __aeabi_cdcmpeq
                0x1fff8de8                __aeabi_cdcmple
                0x1fff8df8                __aeabi_dcmpeq
                0x1fff8e0c                __aeabi_dcmplt
                0x1fff8e20                __aeabi_dcmple
                0x1fff8e34                __aeabi_dcmpge
                0x1fff8e48                __aeabi_dcmpgt
 .text          0x1fff8e5c       0x2c c:/nxp/s32ds_arm_v2.2/s32ds/build_tools/gcc_v6.3/gcc-6.3-arm32-eabi/bin/../lib/gcc/arm-none-eabi/6.3.1/thumb/v7e-m\libgcc.a(_arm_unorddf2.o)
                0x1fff8e5c                __unorddf2
                0x1fff8e5c                __aeabi_dcmpun
 .text          0x1fff8e88       0x50 c:/nxp/s32ds_arm_v2.2/s32ds/build_tools/gcc_v6.3/gcc-6.3-arm32-eabi/bin/../lib/gcc/arm-none-eabi/6.3.1/thumb/v7e-m\libgcc.a(_arm_fixdfsi.o)
                0x1fff8e88                __aeabi_d2iz
                0x1fff8e88                __fixdfsi
 .text          0x1fff8ed8       0x30 c:/nxp/s32ds_arm_v2.2/s32ds/build_tools/gcc_v6.3/gcc-6.3-arm32-eabi/bin/../lib/gcc/arm-none-eabi/6.3.1/thumb/v7e-m\libgcc.a(_aeabi_uldivmod.o)
                0x1fff8ed8                __aeabi_uldivmod
 .text          0x1fff8f08      0x2e4 c:/nxp/s32ds_arm_v2.2/s32ds/build_tools/gcc_v6.3/gcc-6.3-arm32-eabi/bin/../lib/gcc/arm-none-eabi/6.3.1/thumb/v7e-m\libgcc.a(_udivmoddi4.o)
                0x1fff8f08                __udivmoddi4
 .text          0x1fff91ec        0x4 c:/nxp/s32ds_arm_v2.2/s32ds/build_tools/gcc_v6.3/gcc-6.3-arm32-eabi/bin/../lib/gcc/arm-none-eabi/6.3.1/thumb/v7e-m\libgcc.a(_dvmd_tls.o)
                0x1fff91ec                __aeabi_idiv0
                0x1fff91ec                __aeabi_ldiv0
 *(.text*)
 .text.init_data_bss
                0x1fff91f0      0x128 ./Project_Settings/Startup_Code/startup.o
                0x1fff91f0                init_data_bss
 .text.SystemInit
                0x1fff9318       0x30 ./Project_Settings/Startup_Code/system_S32K144.o
                0x1fff9318                SystemInit
 .text.Clock_Init_FIRCDIV
                0x1fff9348       0x20 ./src/Clock.o
                0x1fff9348                Clock_Init_FIRCDIV
 .text.Clock_Init_SOSCDIV_CLk
                0x1fff9368       0x4c ./src/Clock.o
                0x1fff9368                Clock_Init_SOSCDIV_CLk
 .text.Clock_Init_SPLL_CLK
                0x1fff93b4       0x64 ./src/Clock.o
                0x1fff93b4                Clock_Init_SPLL_CLK
 .text.Clock_Init_DivCore
                0x1fff9418       0x2c ./src/Clock.o
                0x1fff9418                Clock_Init_DivCore
 .text.Gpio_Init_Button
                0x1fff9444       0x98 ./src/Gpio.o
                0x1fff9444                Gpio_Init_Button
 .text.Gpio_Init_Led
                0x1fff94dc       0x70 ./src/Gpio.o
                0x1fff94dc                Gpio_Init_Led
 .text.Gpio_Init_PinClockOut
                0x1fff954c       0x30 ./src/Gpio.o
                0x1fff954c                Gpio_Init_PinClockOut
 .text.Gpio_SetPinValue
                0x1fff957c       0x4c ./src/Gpio.o
                0x1fff957c                Gpio_SetPinValue
 .text.Gpio_GetPinValue
                0x1fff95c8       0x2a ./src/Gpio.o
                0x1fff95c8                Gpio_GetPinValue
 .text.Port_ReadBitValue
                0x1fff95f2       0x2e ./src/Gpio.o
                0x1fff95f2                Port_ReadBitValue
 .text.Port_WriteBitValue
                0x1fff9620       0x58 ./src/Gpio.o
                0x1fff9620                Port_WriteBitValue
 .text.Gpio_ClearAllLed
                0x1fff9678       0x2c ./src/Gpio.o
                0x1fff9678                Gpio_ClearAllLed
 .text.Gpio_Blink_Led
                0x1fff96a4       0xec ./src/Gpio.o
                0x1fff96a4                Gpio_Blink_Led
 .text.Gpio_TransmitUart
                0x1fff9790       0x44 ./src/Gpio.o
                0x1fff9790                Gpio_TransmitUart
 .text.PORTC_IRQHandler
                0x1fff97d4       0x6c ./src/Gpio.o
                0x1fff97d4                PORTC_IRQHandler
 .text.LPIT0_Init
                0x1fff9840       0x8c ./src/LPIT.o
                0x1fff9840                LPIT0_Init
 .text.LPIT1_Init
                0x1fff98cc       0x50 ./src/LPIT.o
                0x1fff98cc                LPIT1_Init
 .text.LPIT0_Ch0_IRQHandler
                0x1fff991c       0x20 ./src/LPIT.o
                0x1fff991c                LPIT0_Ch0_IRQHandler
 .text.LPIT0_Ch1_IRQHandler
                0x1fff993c       0x24 ./src/LPIT.o
                0x1fff993c                LPIT0_Ch1_IRQHandler
 .text.Lpuart1_Init
                0x1fff9960      0x100 ./src/Luart.o
                0x1fff9960                Lpuart1_Init
 .text.Uart_Transmit
                0x1fff9a60       0x88 ./src/Luart.o
                0x1fff9a60                Uart_Transmit
 .text.Uart_TxMainFunction
                0x1fff9ae8       0x68 ./src/Luart.o
                0x1fff9ae8                Uart_TxMainFunction
 .text.Uart_RxMainFunction
                0x1fff9b50       0x44 ./src/Luart.o
                0x1fff9b50                Uart_RxMainFunction
 .text.LPUART1_RxTx_IRQHandler
                0x1fff9b94        0xc ./src/Luart.o
                0x1fff9b94                LPUART1_RxTx_IRQHandler
 .text.main     0x1fff9ba0       0x42 ./src/main.o
                0x1fff9ba0                main
 .text.memset   0x1fff9be2       0x10 C:/NXP/S32DS_ARM_v2.2/S32DS/build_tools/gcc_v6.3/gcc-6.3-arm32-eabi/arm-none-eabi/newlib/lib/thumb/v7e-m\libc.a(lib_a-memset.o)
                0x1fff9be2                memset
 *fill*         0x1fff9bf2        0x2 
 .text.sprintf  0x1fff9bf4       0x48 C:/NXP/S32DS_ARM_v2.2/S32DS/build_tools/gcc_v6.3/gcc-6.3-arm32-eabi/arm-none-eabi/newlib/lib/thumb/v7e-m\libc.a(lib_a-sprintf.o)
                0x1fff9bf4                sprintf
 .text._svfprintf_r
                0x1fff9c3c      0xfa0 C:/NXP/S32DS_ARM_v2.2/S32DS/build_tools/gcc_v6.3/gcc-6.3-arm32-eabi/arm-none-eabi/newlib/lib/thumb/v7e-m\libc.a(lib_a-svfprintf.o)
                0x1fff9c3c                _svfprintf_r
 .text.startup.register_fini
                0x1fffabdc       0x14 C:/NXP/S32DS_ARM_v2.2/S32DS/build_tools/gcc_v6.3/gcc-6.3-arm32-eabi/arm-none-eabi/newlib/lib/thumb/v7e-m\libc.a(lib_a-__call_atexit.o)
 .text.quorem   0x1fffabf0      0x118 C:/NXP/S32DS_ARM_v2.2/S32DS/build_tools/gcc_v6.3/gcc-6.3-arm32-eabi/arm-none-eabi/newlib/lib/thumb/v7e-m\libc.a(lib_a-dtoa.o)
 .text._dtoa_r  0x1fffad08      0xb74 C:/NXP/S32DS_ARM_v2.2/S32DS/build_tools/gcc_v6.3/gcc-6.3-arm32-eabi/arm-none-eabi/newlib/lib/thumb/v7e-m\libc.a(lib_a-dtoa.o)
                0x1fffad08                _dtoa_r
 .text.__libc_fini_array
                0x1fffb87c       0x28 C:/NXP/S32DS_ARM_v2.2/S32DS/build_tools/gcc_v6.3/gcc-6.3-arm32-eabi/arm-none-eabi/newlib/lib/thumb/v7e-m\libc.a(lib_a-fini.o)
                0x1fffb87c                __libc_fini_array
 .text._localeconv_r
                0x1fffb8a4       0x1c C:/NXP/S32DS_ARM_v2.2/S32DS/build_tools/gcc_v6.3/gcc-6.3-arm32-eabi/arm-none-eabi/newlib/lib/thumb/v7e-m\libc.a(lib_a-localeconv.o)
                0x1fffb8a4                _localeconv_r
 .text._malloc_r
                0x1fffb8c0      0x444 C:/NXP/S32DS_ARM_v2.2/S32DS/build_tools/gcc_v6.3/gcc-6.3-arm32-eabi/arm-none-eabi/newlib/lib/thumb/v7e-m\libc.a(lib_a-mallocr.o)
                0x1fffb8c0                _malloc_r
 .text.__ascii_mbtowc
                0x1fffbd04       0x24 C:/NXP/S32DS_ARM_v2.2/S32DS/build_tools/gcc_v6.3/gcc-6.3-arm32-eabi/arm-none-eabi/newlib/lib/thumb/v7e-m\libc.a(lib_a-mbtowc_r.o)
                0x1fffbd04                __ascii_mbtowc
 .text.memcpy   0x1fffbd28       0x16 C:/NXP/S32DS_ARM_v2.2/S32DS/build_tools/gcc_v6.3/gcc-6.3-arm32-eabi/arm-none-eabi/newlib/lib/thumb/v7e-m\libc.a(lib_a-memcpy-stub.o)
                0x1fffbd28                memcpy
 .text.__malloc_lock
                0x1fffbd3e        0x2 C:/NXP/S32DS_ARM_v2.2/S32DS/build_tools/gcc_v6.3/gcc-6.3-arm32-eabi/arm-none-eabi/newlib/lib/thumb/v7e-m\libc.a(lib_a-mlock.o)
                0x1fffbd3e                __malloc_lock
 .text.__malloc_unlock
                0x1fffbd40        0x2 C:/NXP/S32DS_ARM_v2.2/S32DS/build_tools/gcc_v6.3/gcc-6.3-arm32-eabi/arm-none-eabi/newlib/lib/thumb/v7e-m\libc.a(lib_a-mlock.o)
                0x1fffbd40                __malloc_unlock
 .text._Balloc  0x1fffbd42       0x4a C:/NXP/S32DS_ARM_v2.2/S32DS/build_tools/gcc_v6.3/gcc-6.3-arm32-eabi/arm-none-eabi/newlib/lib/thumb/v7e-m\libc.a(lib_a-mprec.o)
                0x1fffbd42                _Balloc
 .text._Bfree   0x1fffbd8c       0x12 C:/NXP/S32DS_ARM_v2.2/S32DS/build_tools/gcc_v6.3/gcc-6.3-arm32-eabi/arm-none-eabi/newlib/lib/thumb/v7e-m\libc.a(lib_a-mprec.o)
                0x1fffbd8c                _Bfree
 .text.__multadd
                0x1fffbd9e       0x76 C:/NXP/S32DS_ARM_v2.2/S32DS/build_tools/gcc_v6.3/gcc-6.3-arm32-eabi/arm-none-eabi/newlib/lib/thumb/v7e-m\libc.a(lib_a-mprec.o)
                0x1fffbd9e                __multadd
 .text.__hi0bits
                0x1fffbe14       0x3e C:/NXP/S32DS_ARM_v2.2/S32DS/build_tools/gcc_v6.3/gcc-6.3-arm32-eabi/arm-none-eabi/newlib/lib/thumb/v7e-m\libc.a(lib_a-mprec.o)
                0x1fffbe14                __hi0bits
 .text.__lo0bits
                0x1fffbe52       0x5e C:/NXP/S32DS_ARM_v2.2/S32DS/build_tools/gcc_v6.3/gcc-6.3-arm32-eabi/arm-none-eabi/newlib/lib/thumb/v7e-m\libc.a(lib_a-mprec.o)
                0x1fffbe52                __lo0bits
 .text.__i2b    0x1fffbeb0       0x12 C:/NXP/S32DS_ARM_v2.2/S32DS/build_tools/gcc_v6.3/gcc-6.3-arm32-eabi/arm-none-eabi/newlib/lib/thumb/v7e-m\libc.a(lib_a-mprec.o)
                0x1fffbeb0                __i2b
 .text.__multiply
                0x1fffbec2      0x11a C:/NXP/S32DS_ARM_v2.2/S32DS/build_tools/gcc_v6.3/gcc-6.3-arm32-eabi/arm-none-eabi/newlib/lib/thumb/v7e-m\libc.a(lib_a-mprec.o)
                0x1fffbec2                __multiply
 .text.__pow5mult
                0x1fffbfdc       0x80 C:/NXP/S32DS_ARM_v2.2/S32DS/build_tools/gcc_v6.3/gcc-6.3-arm32-eabi/arm-none-eabi/newlib/lib/thumb/v7e-m\libc.a(lib_a-mprec.o)
                0x1fffbfdc                __pow5mult
 .text.__lshift
                0x1fffc05c       0xa2 C:/NXP/S32DS_ARM_v2.2/S32DS/build_tools/gcc_v6.3/gcc-6.3-arm32-eabi/arm-none-eabi/newlib/lib/thumb/v7e-m\libc.a(lib_a-mprec.o)
                0x1fffc05c                __lshift
 .text.__mcmp   0x1fffc0fe       0x34 C:/NXP/S32DS_ARM_v2.2/S32DS/build_tools/gcc_v6.3/gcc-6.3-arm32-eabi/arm-none-eabi/newlib/lib/thumb/v7e-m\libc.a(lib_a-mprec.o)
                0x1fffc0fe                __mcmp
 .text.__mdiff  0x1fffc132       0xbc C:/NXP/S32DS_ARM_v2.2/S32DS/build_tools/gcc_v6.3/gcc-6.3-arm32-eabi/arm-none-eabi/newlib/lib/thumb/v7e-m\libc.a(lib_a-mprec.o)
                0x1fffc132                __mdiff
 .text.__d2b    0x1fffc1ee       0x9e C:/NXP/S32DS_ARM_v2.2/S32DS/build_tools/gcc_v6.3/gcc-6.3-arm32-eabi/arm-none-eabi/newlib/lib/thumb/v7e-m\libc.a(lib_a-mprec.o)
                0x1fffc1ee                __d2b
 .text._sbrk_r  0x1fffc28c       0x20 C:/NXP/S32DS_ARM_v2.2/S32DS/build_tools/gcc_v6.3/gcc-6.3-arm32-eabi/arm-none-eabi/newlib/lib/thumb/v7e-m\libc.a(lib_a-sbrkr.o)
                0x1fffc28c                _sbrk_r
 .text.__ssprint_r
                0x1fffc2ac       0xf4 C:/NXP/S32DS_ARM_v2.2/S32DS/build_tools/gcc_v6.3/gcc-6.3-arm32-eabi/arm-none-eabi/newlib/lib/thumb/v7e-m\libc.a(lib_a-svfiprintf.o)
                0x1fffc2ac                __ssprint_r
 .text.__ascii_wctomb
                0x1fffc3a0       0x1a C:/NXP/S32DS_ARM_v2.2/S32DS/build_tools/gcc_v6.3/gcc-6.3-arm32-eabi/arm-none-eabi/newlib/lib/thumb/v7e-m\libc.a(lib_a-wctomb_r.o)
                0x1fffc3a0                __ascii_wctomb
 .text.atexit   0x1fffc3ba        0xc C:/NXP/S32DS_ARM_v2.2/S32DS/build_tools/gcc_v6.3/gcc-6.3-arm32-eabi/arm-none-eabi/newlib/lib/thumb/v7e-m\libc.a(lib_a-atexit.o)
                0x1fffc3ba                atexit
 .text._calloc_r
                0x1fffc3c6       0x5a C:/NXP/S32DS_ARM_v2.2/S32DS/build_tools/gcc_v6.3/gcc-6.3-arm32-eabi/arm-none-eabi/newlib/lib/thumb/v7e-m\libc.a(lib_a-callocr.o)
                0x1fffc3c6                _calloc_r
 .text._malloc_trim_r
                0x1fffc420       0xa0 C:/NXP/S32DS_ARM_v2.2/S32DS/build_tools/gcc_v6.3/gcc-6.3-arm32-eabi/arm-none-eabi/newlib/lib/thumb/v7e-m\libc.a(lib_a-freer.o)
                0x1fffc420                _malloc_trim_r
 .text._free_r  0x1fffc4c0      0x178 C:/NXP/S32DS_ARM_v2.2/S32DS/build_tools/gcc_v6.3/gcc-6.3-arm32-eabi/arm-none-eabi/newlib/lib/thumb/v7e-m\libc.a(lib_a-freer.o)
                0x1fffc4c0                _free_r
 .text.memmove  0x1fffc638       0x34 C:/NXP/S32DS_ARM_v2.2/S32DS/build_tools/gcc_v6.3/gcc-6.3-arm32-eabi/arm-none-eabi/newlib/lib/thumb/v7e-m\libc.a(lib_a-memmove.o)
                0x1fffc638                memmove
 .text._realloc_r
                0x1fffc66c      0x300 C:/NXP/S32DS_ARM_v2.2/S32DS/build_tools/gcc_v6.3/gcc-6.3-arm32-eabi/arm-none-eabi/newlib/lib/thumb/v7e-m\libc.a(lib_a-reallocr.o)
                0x1fffc66c                _realloc_r
 .text.__register_exitproc
                0x1fffc96c       0x98 C:/NXP/S32DS_ARM_v2.2/S32DS/build_tools/gcc_v6.3/gcc-6.3-arm32-eabi/arm-none-eabi/newlib/lib/thumb/v7e-m\libc.a(lib_a-__atexit.o)
                0x1fffc96c                __register_exitproc
 .text._sbrk    0x1fffca04       0x1c C:/NXP/S32DS_ARM_v2.2/S32DS/build_tools/gcc_v6.3/gcc-6.3-arm32-eabi/arm-none-eabi/newlib/lib/thumb/v7e-m\libnosys.a(sbrk.o)
                0x1fffca04                _sbrk
 *(.rodata)
 .rodata        0x1fffca20        0x4 ./src/Gpio.o
 *(.rodata*)
 .rodata._global_impure_ptr
                0x1fffca24        0x4 C:/NXP/S32DS_ARM_v2.2/S32DS/build_tools/gcc_v6.3/gcc-6.3-arm32-eabi/arm-none-eabi/newlib/lib/thumb/v7e-m\libc.a(lib_a-impure.o)
                0x1fffca24                _global_impure_ptr
 .rodata._svfprintf_r.str1.1
                0x1fffca28       0x34 C:/NXP/S32DS_ARM_v2.2/S32DS/build_tools/gcc_v6.3/gcc-6.3-arm32-eabi/arm-none-eabi/newlib/lib/thumb/v7e-m\libc.a(lib_a-svfprintf.o)
 .rodata.blanks.7175
                0x1fffca5c       0x10 C:/NXP/S32DS_ARM_v2.2/S32DS/build_tools/gcc_v6.3/gcc-6.3-arm32-eabi/arm-none-eabi/newlib/lib/thumb/v7e-m\libc.a(lib_a-svfprintf.o)
 .rodata.zeroes.7176
                0x1fffca6c       0x10 C:/NXP/S32DS_ARM_v2.2/S32DS/build_tools/gcc_v6.3/gcc-6.3-arm32-eabi/arm-none-eabi/newlib/lib/thumb/v7e-m\libc.a(lib_a-svfprintf.o)
 .rodata._dtoa_r.str1.1
                0x1fffca7c        0xd C:/NXP/S32DS_ARM_v2.2/S32DS/build_tools/gcc_v6.3/gcc-6.3-arm32-eabi/arm-none-eabi/newlib/lib/thumb/v7e-m\libc.a(lib_a-dtoa.o)
                                  0xf (size before relaxing)
 .rodata._setlocale_r.str1.1
                0x1fffca89        0x8 C:/NXP/S32DS_ARM_v2.2/S32DS/build_tools/gcc_v6.3/gcc-6.3-arm32-eabi/arm-none-eabi/newlib/lib/thumb/v7e-m\libc.a(lib_a-locale.o)
                                  0x9 (size before relaxing)
 .rodata.str1.1
                0x1fffca91        0x2 C:/NXP/S32DS_ARM_v2.2/S32DS/build_tools/gcc_v6.3/gcc-6.3-arm32-eabi/arm-none-eabi/newlib/lib/thumb/v7e-m\libc.a(lib_a-locale.o)
 *fill*         0x1fffca93        0x5 
 .rodata.__mprec_bigtens
                0x1fffca98       0x28 C:/NXP/S32DS_ARM_v2.2/S32DS/build_tools/gcc_v6.3/gcc-6.3-arm32-eabi/arm-none-eabi/newlib/lib/thumb/v7e-m\libc.a(lib_a-mprec.o)
                0x1fffca98                __mprec_bigtens
 .rodata.__mprec_tens
                0x1fffcac0       0xc8 C:/NXP/S32DS_ARM_v2.2/S32DS/build_tools/gcc_v6.3/gcc-6.3-arm32-eabi/arm-none-eabi/newlib/lib/thumb/v7e-m\libc.a(lib_a-mprec.o)
                0x1fffcac0                __mprec_tens
 .rodata.p05.6016
                0x1fffcb88        0xc C:/NXP/S32DS_ARM_v2.2/S32DS/build_tools/gcc_v6.3/gcc-6.3-arm32-eabi/arm-none-eabi/newlib/lib/thumb/v7e-m\libc.a(lib_a-mprec.o)
 .rodata._ctype_
                0x1fffcb94      0x101 C:/NXP/S32DS_ARM_v2.2/S32DS/build_tools/gcc_v6.3/gcc-6.3-arm32-eabi/arm-none-eabi/newlib/lib/thumb/v7e-m\libc.a(lib_a-ctype_.o)
                0x1fffcb94                _ctype_
 *(.glue_7)
 .glue_7        0x1fffcc95        0x0 linker stubs
 *(.glue_7t)
 .glue_7t       0x1fffcc95        0x0 linker stubs
 *(.eh_frame)
 *fill*         0x1fffcc95        0x3 
 .eh_frame      0x1fffcc98        0x0 c:/nxp/s32ds_arm_v2.2/s32ds/build_tools/gcc_v6.3/gcc-6.3-arm32-eabi/bin/../lib/gcc/arm-none-eabi/6.3.1/thumb/v7e-m/crtbegin.o
 *(.init)
 .init          0x1fffcc98        0x4 c:/nxp/s32ds_arm_v2.2/s32ds/build_tools/gcc_v6.3/gcc-6.3-arm32-eabi/bin/../lib/gcc/arm-none-eabi/6.3.1/thumb/v7e-m/crti.o
                0x1fffcc98                _init
 .init          0x1fffcc9c        0x8 c:/nxp/s32ds_arm_v2.2/s32ds/build_tools/gcc_v6.3/gcc-6.3-arm32-eabi/bin/../lib/gcc/arm-none-eabi/6.3.1/thumb/v7e-m/crtn.o
 *(.fini)
 .fini          0x1fffcca4        0x4 c:/nxp/s32ds_arm_v2.2/s32ds/build_tools/gcc_v6.3/gcc-6.3-arm32-eabi/bin/../lib/gcc/arm-none-eabi/6.3.1/thumb/v7e-m/crti.o
                0x1fffcca4                _fini
 .fini          0x1fffcca8        0x8 c:/nxp/s32ds_arm_v2.2/s32ds/build_tools/gcc_v6.3/gcc-6.3-arm32-eabi/bin/../lib/gcc/arm-none-eabi/6.3.1/thumb/v7e-m/crtn.o
                0x1fffccb0                . = ALIGN (0x4)

.vfp11_veneer   0x1fffccb0        0x0
 .vfp11_veneer  0x1fffccb0        0x0 linker stubs

.v4_bx          0x1fffccb0        0x0
 .v4_bx         0x1fffccb0        0x0 linker stubs

.iplt           0x1fffccb0        0x0
 .iplt          0x1fffccb0        0x0 c:/nxp/s32ds_arm_v2.2/s32ds/build_tools/gcc_v6.3/gcc-6.3-arm32-eabi/bin/../lib/gcc/arm-none-eabi/6.3.1/thumb/v7e-m/crtbegin.o

.my_flash_BlinkLed
                0x20006e00       0xa0
                0x20006e00                . = ALIGN (0x4)
 *(.my_flash_BlinkLed)
 .my_flash_BlinkLed
                0x20006e00       0xa0 ./src/Gpio.o
                0x20006e00                Gpio_ProcessPressButton

.my_variable    0x20006d00        0x4
                0x20006d00                . = ALIGN (0x4)
 *(.my_variable)
 .my_variable   0x20006d00        0x4 ./src/Gpio.o
                0x20006d00                Ex_CounterVariable

.code_ram       0x1fffccb0        0x0
                0x1fffccb0                . = ALIGN (0x4)
                0x1fffccb0                __CODE_RAM = .
                0x1fffccb0                __code_ram_start__ = .
 *(.code_ram)
                0x1fffccb0                __CODE_ROM = .
                0x1fffccb0                __CODE_END = .
                0x1fffccb0                __code_ram_end__ = .
                0x1fffccb0                . = ALIGN (0x4)

.ARM.extab
 *(.ARM.extab* .gnu.linkonce.armextab.*)

.ARM            0x1fffccb0        0x8
                0x1fffccb0                __exidx_start = .
 *(.ARM.exidx*)
 .ARM.exidx     0x1fffccb0        0x8 c:/nxp/s32ds_arm_v2.2/s32ds/build_tools/gcc_v6.3/gcc-6.3-arm32-eabi/bin/../lib/gcc/arm-none-eabi/6.3.1/thumb/v7e-m\libgcc.a(_udivmoddi4.o)
                0x1fffccb8                __exidx_end = .

.rel.dyn        0x1fffccb8        0x0
 .rel.iplt      0x1fffccb8        0x0 c:/nxp/s32ds_arm_v2.2/s32ds/build_tools/gcc_v6.3/gcc-6.3-arm32-eabi/bin/../lib/gcc/arm-none-eabi/6.3.1/thumb/v7e-m/crtbegin.o

.ctors          0x1fffccb8        0x0
                0x1fffccb8                __CTOR_LIST__ = .
 *crtbegin.o(.ctors)
 *crtbegin?.o(.ctors)
 *(EXCLUDE_FILE(*crtend.o *crtend?.o) .ctors)
 *(SORT(.ctors.*))
 *(.ctors)
                0x1fffccb8                __CTOR_END__ = .

.dtors          0x1fffccb8        0x0
                0x1fffccb8                __DTOR_LIST__ = .
 *crtbegin.o(.dtors)
 *crtbegin?.o(.dtors)
 *(EXCLUDE_FILE(*crtend.o *crtend?.o) .dtors)
 *(SORT(.dtors.*))
 *(.dtors)
                0x1fffccb8                __DTOR_END__ = .

.preinit_array  0x1fffccb8        0x0
                0x1fffccb8                PROVIDE (__preinit_array_start, .)
 *(.preinit_array*)
                0x1fffccb8                PROVIDE (__preinit_array_end, .)

.init_array     0x1fffccb8        0x8
                0x1fffccb8                PROVIDE (__init_array_start, .)
 *(SORT(.init_array.*))
 .init_array.00000
                0x1fffccb8        0x4 C:/NXP/S32DS_ARM_v2.2/S32DS/build_tools/gcc_v6.3/gcc-6.3-arm32-eabi/arm-none-eabi/newlib/lib/thumb/v7e-m\libc.a(lib_a-__call_atexit.o)
 *(.init_array*)
 .init_array    0x1fffccbc        0x4 c:/nxp/s32ds_arm_v2.2/s32ds/build_tools/gcc_v6.3/gcc-6.3-arm32-eabi/bin/../lib/gcc/arm-none-eabi/6.3.1/thumb/v7e-m/crtbegin.o
                0x1fffccc0                PROVIDE (__init_array_end, .)

.fini_array     0x1fffccc0        0x4
                0x1fffccc0                PROVIDE (__fini_array_start, .)
 *(SORT(.fini_array.*))
 *(.fini_array*)
 .fini_array    0x1fffccc0        0x4 c:/nxp/s32ds_arm_v2.2/s32ds/build_tools/gcc_v6.3/gcc-6.3-arm32-eabi/bin/../lib/gcc/arm-none-eabi/6.3.1/thumb/v7e-m/crtbegin.o
                0x1fffccc4                PROVIDE (__fini_array_end, .)
                0x1fffccc4                __etext = .
                0x1fffccc4                __DATA_ROM = .
                0x1fffccc4                __DATA_END = __DATA_ROM

.customSectionBlock
                0x20000000        0x0
                0x20000000                __customSection_start__ = .
 *(.customSection)
                0x20000000                __customSection_end__ = .
                0x20000000                __CUSTOM_ROM = .
                0x20000000                __CUSTOM_END = .

.data           0x20000000      0x9a8
                0x20000000                . = ALIGN (0x4)
                0x20000000                __DATA_RAM = .
                0x20000000                __data_start__ = .
 *(.data)
 *(.data*)
 .data.DurationTime1_u32
                0x20000000        0x4 ./src/Gpio.o
                0x20000000                DurationTime1_u32
 .data.g_LedState_u32
                0x20000004        0x4 ./src/Gpio.o
                0x20000004                g_LedState_u32
 .data._impure_ptr
                0x20000008        0x4 C:/NXP/S32DS_ARM_v2.2/S32DS/build_tools/gcc_v6.3/gcc-6.3-arm32-eabi/arm-none-eabi/newlib/lib/thumb/v7e-m\libc.a(lib_a-impure.o)
                0x20000008                _impure_ptr
 *fill*         0x2000000c        0x4 
 .data.impure_data
                0x20000010      0x418 C:/NXP/S32DS_ARM_v2.2/S32DS/build_tools/gcc_v6.3/gcc-6.3-arm32-eabi/arm-none-eabi/newlib/lib/thumb/v7e-m\libc.a(lib_a-impure.o)
 .data.__global_locale
                0x20000428      0x16c C:/NXP/S32DS_ARM_v2.2/S32DS/build_tools/gcc_v6.3/gcc-6.3-arm32-eabi/arm-none-eabi/newlib/lib/thumb/v7e-m\libc.a(lib_a-locale.o)
                0x20000428                __global_locale
 .data.__malloc_av_
                0x20000594      0x408 C:/NXP/S32DS_ARM_v2.2/S32DS/build_tools/gcc_v6.3/gcc-6.3-arm32-eabi/arm-none-eabi/newlib/lib/thumb/v7e-m\libc.a(lib_a-mallocr.o)
                0x20000594                __malloc_av_
 .data.__malloc_sbrk_base
                0x2000099c        0x4 C:/NXP/S32DS_ARM_v2.2/S32DS/build_tools/gcc_v6.3/gcc-6.3-arm32-eabi/arm-none-eabi/newlib/lib/thumb/v7e-m\libc.a(lib_a-mallocr.o)
                0x2000099c                __malloc_sbrk_base
 .data.__malloc_trim_threshold
                0x200009a0        0x4 C:/NXP/S32DS_ARM_v2.2/S32DS/build_tools/gcc_v6.3/gcc-6.3-arm32-eabi/arm-none-eabi/newlib/lib/thumb/v7e-m\libc.a(lib_a-mallocr.o)
                0x200009a0                __malloc_trim_threshold
 *(.jcr*)
 .jcr           0x200009a4        0x0 c:/nxp/s32ds_arm_v2.2/s32ds/build_tools/gcc_v6.3/gcc-6.3-arm32-eabi/bin/../lib/gcc/arm-none-eabi/6.3.1/thumb/v7e-m/crtbegin.o
 .jcr           0x200009a4        0x4 c:/nxp/s32ds_arm_v2.2/s32ds/build_tools/gcc_v6.3/gcc-6.3-arm32-eabi/bin/../lib/gcc/arm-none-eabi/6.3.1/thumb/v7e-m/crtend.o
                0x200009a8                . = ALIGN (0x4)
                0x200009a8                __data_end__ = .

.tm_clone_table
                0x200009a8        0x0
 .tm_clone_table
                0x200009a8        0x0 c:/nxp/s32ds_arm_v2.2/s32ds/build_tools/gcc_v6.3/gcc-6.3-arm32-eabi/bin/../lib/gcc/arm-none-eabi/6.3.1/thumb/v7e-m/crtbegin.o
 .tm_clone_table
                0x200009a8        0x0 c:/nxp/s32ds_arm_v2.2/s32ds/build_tools/gcc_v6.3/gcc-6.3-arm32-eabi/bin/../lib/gcc/arm-none-eabi/6.3.1/thumb/v7e-m/crtend.o

.igot.plt       0x200009a8        0x0
 .igot.plt      0x200009a8        0x0 c:/nxp/s32ds_arm_v2.2/s32ds/build_tools/gcc_v6.3/gcc-6.3-arm32-eabi/bin/../lib/gcc/arm-none-eabi/6.3.1/thumb/v7e-m/crtbegin.o

.bss            0x200009a8      0x1b8
                0x200009a8                . = ALIGN (0x4)
                0x200009a8                __BSS_START = .
                0x200009a8                __bss_start__ = .
 *(.bss)
 .bss           0x200009a8       0x1c c:/nxp/s32ds_arm_v2.2/s32ds/build_tools/gcc_v6.3/gcc-6.3-arm32-eabi/bin/../lib/gcc/arm-none-eabi/6.3.1/thumb/v7e-m/crtbegin.o
 *(.bss*)
 .bss.e_SettingHz_u32
                0x200009c4        0x4 ./src/Gpio.o
                0x200009c4                e_SettingHz_u32
 .bss.e_CurrentTimeLP1_u32
                0x200009c8        0x4 ./src/Gpio.o
                0x200009c8                e_CurrentTimeLP1_u32
 .bss.CheckTimeValue
                0x200009cc        0x4 ./src/Gpio.o
                0x200009cc                CheckTimeValue
 .bss.FlagIncrease
                0x200009d0        0x4 ./src/Gpio.o
                0x200009d0                FlagIncrease
 .bss.Flag_Decrease
                0x200009d4        0x4 ./src/Gpio.o
                0x200009d4                Flag_Decrease
 .bss.e_FlagSendUart
                0x200009d8        0x4 ./src/Gpio.o
                0x200009d8                e_FlagSendUart
 .bss.CheckValueButton2
                0x200009dc        0x4 ./src/Gpio.o
                0x200009dc                CheckValueButton2
 .bss.test      0x200009e0       0x64 ./src/Gpio.o
                0x200009e0                test
 .bss.Uart_TxBuff
                0x20000a44       0x68 ./src/Luart.o
 .bss.Uart_RxBuff
                0x20000aac       0x6c ./src/Luart.o
 .bss.u1_TransmitState
                0x20000b18        0x1 ./src/Luart.o
 .bss.u1_ReceiveState
                0x20000b19        0x1 ./src/Luart.o
 *fill*         0x20000b1a        0x2 
 .bss.u4_BufferCount_TxMain
                0x20000b1c        0x4 ./src/Luart.o
 .bss.u4_LenCount
                0x20000b20        0x4 ./src/Luart.o
                0x20000b20                u4_LenCount
 .bss.__malloc_current_mallinfo
                0x20000b24       0x28 C:/NXP/S32DS_ARM_v2.2/S32DS/build_tools/gcc_v6.3/gcc-6.3-arm32-eabi/arm-none-eabi/newlib/lib/thumb/v7e-m\libc.a(lib_a-mallocr.o)
                0x20000b24                __malloc_current_mallinfo
 .bss.__malloc_max_sbrked_mem
                0x20000b4c        0x4 C:/NXP/S32DS_ARM_v2.2/S32DS/build_tools/gcc_v6.3/gcc-6.3-arm32-eabi/arm-none-eabi/newlib/lib/thumb/v7e-m\libc.a(lib_a-mallocr.o)
                0x20000b4c                __malloc_max_sbrked_mem
 .bss.__malloc_max_total_mem
                0x20000b50        0x4 C:/NXP/S32DS_ARM_v2.2/S32DS/build_tools/gcc_v6.3/gcc-6.3-arm32-eabi/arm-none-eabi/newlib/lib/thumb/v7e-m\libc.a(lib_a-mallocr.o)
                0x20000b50                __malloc_max_total_mem
 .bss.__malloc_top_pad
                0x20000b54        0x4 C:/NXP/S32DS_ARM_v2.2/S32DS/build_tools/gcc_v6.3/gcc-6.3-arm32-eabi/arm-none-eabi/newlib/lib/thumb/v7e-m\libc.a(lib_a-mallocr.o)
                0x20000b54                __malloc_top_pad
 .bss.heap_end.4090
                0x20000b58        0x4 C:/NXP/S32DS_ARM_v2.2/S32DS/build_tools/gcc_v6.3/gcc-6.3-arm32-eabi/arm-none-eabi/newlib/lib/thumb/v7e-m\libnosys.a(sbrk.o)
 *(COMMON)
 COMMON         0x20000b5c        0x4 C:/NXP/S32DS_ARM_v2.2/S32DS/build_tools/gcc_v6.3/gcc-6.3-arm32-eabi/arm-none-eabi/newlib/lib/thumb/v7e-m\libc.a(lib_a-reent.o)
                0x20000b5c                errno
                0x20000b60                . = ALIGN (0x4)
                0x20000b60                __bss_end__ = .
                0x20000b60                __BSS_END = .

.heap           0x20000b60      0x400
                0x20000b60                . = ALIGN (0x8)
                0x20000b60                __end__ = .
                0x20000b60                __heap_start__ = .
                0x20000b60                PROVIDE (end, .)
                [!provide]                PROVIDE (_end, .)
                [!provide]                PROVIDE (__end, .)
                0x20000b60                __HeapBase = .
                0x20000f60                . = (. + HEAP_SIZE)
 *fill*         0x20000b60      0x400 
                0x20000f60                __HeapLimit = .
                0x20000f60                __heap_limit = .
                0x20000f60                __heap_end__ = .

.ARM.attributes
                0x00000000       0x2a
 *(.ARM.attributes)
 .ARM.attributes
                0x00000000       0x1e c:/nxp/s32ds_arm_v2.2/s32ds/build_tools/gcc_v6.3/gcc-6.3-arm32-eabi/bin/../lib/gcc/arm-none-eabi/6.3.1/thumb/v7e-m/crti.o
 .ARM.attributes
                0x0000001e       0x2e c:/nxp/s32ds_arm_v2.2/s32ds/build_tools/gcc_v6.3/gcc-6.3-arm32-eabi/bin/../lib/gcc/arm-none-eabi/6.3.1/thumb/v7e-m/crtbegin.o
 .ARM.attributes
                0x0000004c       0x33 ./Project_Settings/Startup_Code/startup.o
 .ARM.attributes
                0x0000007f       0x1b ./Project_Settings/Startup_Code/startup_S32K144.o
 .ARM.attributes
                0x0000009a       0x33 ./Project_Settings/Startup_Code/system_S32K144.o
 .ARM.attributes
                0x000000cd       0x33 ./src/Clock.o
 .ARM.attributes
                0x00000100       0x33 ./src/Gpio.o
 .ARM.attributes
                0x00000133       0x1b ./src/Init_Stack.o
 .ARM.attributes
                0x0000014e       0x33 ./src/LPIT.o
 .ARM.attributes
                0x00000181       0x33 ./src/Luart.o
 .ARM.attributes
                0x000001b4       0x33 ./src/main.o
 .ARM.attributes
                0x000001e7       0x2e C:/NXP/S32DS_ARM_v2.2/S32DS/build_tools/gcc_v6.3/gcc-6.3-arm32-eabi/arm-none-eabi/newlib/lib/thumb/v7e-m\libc.a(lib_a-impure.o)
 .ARM.attributes
                0x00000215       0x2e C:/NXP/S32DS_ARM_v2.2/S32DS/build_tools/gcc_v6.3/gcc-6.3-arm32-eabi/arm-none-eabi/newlib/lib/thumb/v7e-m\libc.a(lib_a-memset.o)
 .ARM.attributes
                0x00000243       0x2e C:/NXP/S32DS_ARM_v2.2/S32DS/build_tools/gcc_v6.3/gcc-6.3-arm32-eabi/arm-none-eabi/newlib/lib/thumb/v7e-m\libc.a(lib_a-sprintf.o)
 .ARM.attributes
                0x00000271       0x2e C:/NXP/S32DS_ARM_v2.2/S32DS/build_tools/gcc_v6.3/gcc-6.3-arm32-eabi/arm-none-eabi/newlib/lib/thumb/v7e-m\libc.a(lib_a-svfprintf.o)
 .ARM.attributes
                0x0000029f       0x2e C:/NXP/S32DS_ARM_v2.2/S32DS/build_tools/gcc_v6.3/gcc-6.3-arm32-eabi/arm-none-eabi/newlib/lib/thumb/v7e-m\libc.a(lib_a-__call_atexit.o)
 .ARM.attributes
                0x000002cd       0x2e C:/NXP/S32DS_ARM_v2.2/S32DS/build_tools/gcc_v6.3/gcc-6.3-arm32-eabi/arm-none-eabi/newlib/lib/thumb/v7e-m\libc.a(lib_a-dtoa.o)
 .ARM.attributes
                0x000002fb       0x2e C:/NXP/S32DS_ARM_v2.2/S32DS/build_tools/gcc_v6.3/gcc-6.3-arm32-eabi/arm-none-eabi/newlib/lib/thumb/v7e-m\libc.a(lib_a-fini.o)
 .ARM.attributes
                0x00000329       0x2e C:/NXP/S32DS_ARM_v2.2/S32DS/build_tools/gcc_v6.3/gcc-6.3-arm32-eabi/arm-none-eabi/newlib/lib/thumb/v7e-m\libc.a(lib_a-localeconv.o)
 .ARM.attributes
                0x00000357       0x2e C:/NXP/S32DS_ARM_v2.2/S32DS/build_tools/gcc_v6.3/gcc-6.3-arm32-eabi/arm-none-eabi/newlib/lib/thumb/v7e-m\libc.a(lib_a-locale.o)
 .ARM.attributes
                0x00000385       0x2e C:/NXP/S32DS_ARM_v2.2/S32DS/build_tools/gcc_v6.3/gcc-6.3-arm32-eabi/arm-none-eabi/newlib/lib/thumb/v7e-m\libc.a(lib_a-mallocr.o)
 .ARM.attributes
                0x000003b3       0x2e C:/NXP/S32DS_ARM_v2.2/S32DS/build_tools/gcc_v6.3/gcc-6.3-arm32-eabi/arm-none-eabi/newlib/lib/thumb/v7e-m\libc.a(lib_a-mbtowc_r.o)
 .ARM.attributes
                0x000003e1       0x1c C:/NXP/S32DS_ARM_v2.2/S32DS/build_tools/gcc_v6.3/gcc-6.3-arm32-eabi/arm-none-eabi/newlib/lib/thumb/v7e-m\libc.a(lib_a-memchr.o)
 .ARM.attributes
                0x000003fd       0x2e C:/NXP/S32DS_ARM_v2.2/S32DS/build_tools/gcc_v6.3/gcc-6.3-arm32-eabi/arm-none-eabi/newlib/lib/thumb/v7e-m\libc.a(lib_a-memcpy-stub.o)
 .ARM.attributes
                0x0000042b       0x2e C:/NXP/S32DS_ARM_v2.2/S32DS/build_tools/gcc_v6.3/gcc-6.3-arm32-eabi/arm-none-eabi/newlib/lib/thumb/v7e-m\libc.a(lib_a-mlock.o)
 .ARM.attributes
                0x00000459       0x2e C:/NXP/S32DS_ARM_v2.2/S32DS/build_tools/gcc_v6.3/gcc-6.3-arm32-eabi/arm-none-eabi/newlib/lib/thumb/v7e-m\libc.a(lib_a-mprec.o)
 .ARM.attributes
                0x00000487       0x2e C:/NXP/S32DS_ARM_v2.2/S32DS/build_tools/gcc_v6.3/gcc-6.3-arm32-eabi/arm-none-eabi/newlib/lib/thumb/v7e-m\libc.a(lib_a-sbrkr.o)
 .ARM.attributes
                0x000004b5       0x17 C:/NXP/S32DS_ARM_v2.2/S32DS/build_tools/gcc_v6.3/gcc-6.3-arm32-eabi/arm-none-eabi/newlib/lib/thumb/v7e-m\libc.a(lib_a-strlen.o)
 .ARM.attributes
                0x000004cc       0x2e C:/NXP/S32DS_ARM_v2.2/S32DS/build_tools/gcc_v6.3/gcc-6.3-arm32-eabi/arm-none-eabi/newlib/lib/thumb/v7e-m\libc.a(lib_a-svfiprintf.o)
 .ARM.attributes
                0x000004fa       0x2e C:/NXP/S32DS_ARM_v2.2/S32DS/build_tools/gcc_v6.3/gcc-6.3-arm32-eabi/arm-none-eabi/newlib/lib/thumb/v7e-m\libc.a(lib_a-wctomb_r.o)
 .ARM.attributes
                0x00000528       0x2e C:/NXP/S32DS_ARM_v2.2/S32DS/build_tools/gcc_v6.3/gcc-6.3-arm32-eabi/arm-none-eabi/newlib/lib/thumb/v7e-m\libc.a(lib_a-atexit.o)
 .ARM.attributes
                0x00000556       0x2e C:/NXP/S32DS_ARM_v2.2/S32DS/build_tools/gcc_v6.3/gcc-6.3-arm32-eabi/arm-none-eabi/newlib/lib/thumb/v7e-m\libc.a(lib_a-callocr.o)
 .ARM.attributes
                0x00000584       0x2e C:/NXP/S32DS_ARM_v2.2/S32DS/build_tools/gcc_v6.3/gcc-6.3-arm32-eabi/arm-none-eabi/newlib/lib/thumb/v7e-m\libc.a(lib_a-ctype_.o)
 .ARM.attributes
                0x000005b2       0x2e C:/NXP/S32DS_ARM_v2.2/S32DS/build_tools/gcc_v6.3/gcc-6.3-arm32-eabi/arm-none-eabi/newlib/lib/thumb/v7e-m\libc.a(lib_a-freer.o)
 .ARM.attributes
                0x000005e0       0x2e C:/NXP/S32DS_ARM_v2.2/S32DS/build_tools/gcc_v6.3/gcc-6.3-arm32-eabi/arm-none-eabi/newlib/lib/thumb/v7e-m\libc.a(lib_a-memmove.o)
 .ARM.attributes
                0x0000060e       0x2e C:/NXP/S32DS_ARM_v2.2/S32DS/build_tools/gcc_v6.3/gcc-6.3-arm32-eabi/arm-none-eabi/newlib/lib/thumb/v7e-m\libc.a(lib_a-reallocr.o)
 .ARM.attributes
                0x0000063c       0x2e C:/NXP/S32DS_ARM_v2.2/S32DS/build_tools/gcc_v6.3/gcc-6.3-arm32-eabi/arm-none-eabi/newlib/lib/thumb/v7e-m\libc.a(lib_a-reent.o)
 .ARM.attributes
                0x0000066a       0x2e C:/NXP/S32DS_ARM_v2.2/S32DS/build_tools/gcc_v6.3/gcc-6.3-arm32-eabi/arm-none-eabi/newlib/lib/thumb/v7e-m\libc.a(lib_a-__atexit.o)
 .ARM.attributes
                0x00000698       0x1e c:/nxp/s32ds_arm_v2.2/s32ds/build_tools/gcc_v6.3/gcc-6.3-arm32-eabi/bin/../lib/gcc/arm-none-eabi/6.3.1/thumb/v7e-m\libgcc.a(_arm_addsubdf3.o)
 .ARM.attributes
                0x000006b6       0x1e c:/nxp/s32ds_arm_v2.2/s32ds/build_tools/gcc_v6.3/gcc-6.3-arm32-eabi/bin/../lib/gcc/arm-none-eabi/6.3.1/thumb/v7e-m\libgcc.a(_arm_muldivdf3.o)
 .ARM.attributes
                0x000006d4       0x1e c:/nxp/s32ds_arm_v2.2/s32ds/build_tools/gcc_v6.3/gcc-6.3-arm32-eabi/bin/../lib/gcc/arm-none-eabi/6.3.1/thumb/v7e-m\libgcc.a(_arm_cmpdf2.o)
 .ARM.attributes
                0x000006f2       0x1e c:/nxp/s32ds_arm_v2.2/s32ds/build_tools/gcc_v6.3/gcc-6.3-arm32-eabi/bin/../lib/gcc/arm-none-eabi/6.3.1/thumb/v7e-m\libgcc.a(_arm_unorddf2.o)
 .ARM.attributes
                0x00000710       0x1e c:/nxp/s32ds_arm_v2.2/s32ds/build_tools/gcc_v6.3/gcc-6.3-arm32-eabi/bin/../lib/gcc/arm-none-eabi/6.3.1/thumb/v7e-m\libgcc.a(_arm_fixdfsi.o)
 .ARM.attributes
                0x0000072e       0x1e c:/nxp/s32ds_arm_v2.2/s32ds/build_tools/gcc_v6.3/gcc-6.3-arm32-eabi/bin/../lib/gcc/arm-none-eabi/6.3.1/thumb/v7e-m\libgcc.a(_aeabi_uldivmod.o)
 .ARM.attributes
                0x0000074c       0x2e c:/nxp/s32ds_arm_v2.2/s32ds/build_tools/gcc_v6.3/gcc-6.3-arm32-eabi/bin/../lib/gcc/arm-none-eabi/6.3.1/thumb/v7e-m\libgcc.a(_udivmoddi4.o)
 .ARM.attributes
                0x0000077a       0x1e c:/nxp/s32ds_arm_v2.2/s32ds/build_tools/gcc_v6.3/gcc-6.3-arm32-eabi/bin/../lib/gcc/arm-none-eabi/6.3.1/thumb/v7e-m\libgcc.a(_dvmd_tls.o)
 .ARM.attributes
                0x00000798       0x2e C:/NXP/S32DS_ARM_v2.2/S32DS/build_tools/gcc_v6.3/gcc-6.3-arm32-eabi/arm-none-eabi/newlib/lib/thumb/v7e-m\libnosys.a(sbrk.o)
 .ARM.attributes
                0x000007c6       0x2e c:/nxp/s32ds_arm_v2.2/s32ds/build_tools/gcc_v6.3/gcc-6.3-arm32-eabi/bin/../lib/gcc/arm-none-eabi/6.3.1/thumb/v7e-m/crtend.o
 .ARM.attributes
                0x000007f4       0x1e c:/nxp/s32ds_arm_v2.2/s32ds/build_tools/gcc_v6.3/gcc-6.3-arm32-eabi/bin/../lib/gcc/arm-none-eabi/6.3.1/thumb/v7e-m/crtn.o
                0x00000001                ASSERT ((__StackLimit >= __HeapLimit), region m_data overflowed with stack and heap)

/DISCARD/
 *(.FlashConfig)
                0x20006d00                __StackTop = (ORIGIN (m_data) + LENGTH (m_data))
                0x20006900                __StackLimit = (__StackTop - STACK_SIZE)
                0x20006d00                PROVIDE (__stack, __StackTop)

.stack          0x20006900      0x400
                0x20006900                . = ALIGN (0x8)
                0x20006900                __stack_start__ = .
                0x20006d00                . = (. + STACK_SIZE)
 *fill*         0x20006900      0x400 
                0x20006d00                __stack_end__ = .
OUTPUT(Control_Led_v2_1.elf elf32-littlearm)

.comment        0x00000000       0xa0
 .comment       0x00000000       0xa0 c:/nxp/s32ds_arm_v2.2/s32ds/build_tools/gcc_v6.3/gcc-6.3-arm32-eabi/bin/../lib/gcc/arm-none-eabi/6.3.1/thumb/v7e-m/crtbegin.o
                                 0xa1 (size before relaxing)
 .comment       0x000000a0       0xa1 ./Project_Settings/Startup_Code/startup.o
 .comment       0x000000a0       0xa1 ./Project_Settings/Startup_Code/system_S32K144.o
 .comment       0x000000a0       0xa1 ./src/Clock.o
 .comment       0x000000a0       0xa1 ./src/Gpio.o
 .comment       0x000000a0       0xa1 ./src/LPIT.o
 .comment       0x000000a0       0xa1 ./src/Luart.o
 .comment       0x000000a0       0xa1 ./src/main.o
 .comment       0x000000a0       0xa1 c:/nxp/s32ds_arm_v2.2/s32ds/build_tools/gcc_v6.3/gcc-6.3-arm32-eabi/bin/../lib/gcc/arm-none-eabi/6.3.1/thumb/v7e-m/crtend.o

.debug_info     0x00000000     0x3713
 .debug_info    0x00000000      0x471 ./Project_Settings/Startup_Code/startup.o
 .debug_info    0x00000471       0x26 ./Project_Settings/Startup_Code/startup_S32K144.o
 .debug_info    0x00000497      0x522 ./Project_Settings/Startup_Code/system_S32K144.o
 .debug_info    0x000009b9      0x581 ./src/Clock.o
 .debug_info    0x00000f3a     0x113d ./src/Gpio.o
 .debug_info    0x00002077       0x26 ./src/Init_Stack.o
 .debug_info    0x0000209d      0xeb9 ./src/LPIT.o
 .debug_info    0x00002f56      0x6fe ./src/Luart.o
 .debug_info    0x00003654       0xbf ./src/main.o

.debug_abbrev   0x00000000      0x9b3
 .debug_abbrev  0x00000000      0x108 ./Project_Settings/Startup_Code/startup.o
 .debug_abbrev  0x00000108       0x14 ./Project_Settings/Startup_Code/startup_S32K144.o
 .debug_abbrev  0x0000011c      0x125 ./Project_Settings/Startup_Code/system_S32K144.o
 .debug_abbrev  0x00000241      0x15f ./src/Clock.o
 .debug_abbrev  0x000003a0      0x25c ./src/Gpio.o
 .debug_abbrev  0x000005fc       0x14 ./src/Init_Stack.o
 .debug_abbrev  0x00000610      0x1c9 ./src/LPIT.o
 .debug_abbrev  0x000007d9      0x182 ./src/Luart.o
 .debug_abbrev  0x0000095b       0x58 ./src/main.o

.debug_aranges  0x00000000      0x220
 .debug_aranges
                0x00000000       0x20 ./Project_Settings/Startup_Code/startup.o
 .debug_aranges
                0x00000020       0x20 ./Project_Settings/Startup_Code/startup_S32K144.o
 .debug_aranges
                0x00000040       0x30 ./Project_Settings/Startup_Code/system_S32K144.o
 .debug_aranges
                0x00000070       0x48 ./src/Clock.o
 .debug_aranges
                0x000000b8       0x80 ./src/Gpio.o
 .debug_aranges
                0x00000138       0x20 ./src/Init_Stack.o
 .debug_aranges
                0x00000158       0x40 ./src/LPIT.o
 .debug_aranges
                0x00000198       0x68 ./src/Luart.o
 .debug_aranges
                0x00000200       0x20 ./src/main.o

.debug_ranges   0x00000000      0x170
 .debug_ranges  0x00000000       0x10 ./Project_Settings/Startup_Code/startup.o
 .debug_ranges  0x00000010       0x20 ./Project_Settings/Startup_Code/system_S32K144.o
 .debug_ranges  0x00000030       0x38 ./src/Clock.o
 .debug_ranges  0x00000068       0x70 ./src/Gpio.o
 .debug_ranges  0x000000d8       0x30 ./src/LPIT.o
 .debug_ranges  0x00000108       0x58 ./src/Luart.o
 .debug_ranges  0x00000160       0x10 ./src/main.o

.debug_macro    0x00000000    0x208b0
 .debug_macro   0x00000000       0xb5 ./Project_Settings/Startup_Code/startup.o
 .debug_macro   0x000000b5      0x8d4 ./Project_Settings/Startup_Code/startup.o
 .debug_macro   0x00000989       0x22 ./Project_Settings/Startup_Code/startup.o
 .debug_macro   0x000009ab       0x87 ./Project_Settings/Startup_Code/startup.o
 .debug_macro   0x00000a32       0x51 ./Project_Settings/Startup_Code/startup.o
 .debug_macro   0x00000a83       0xef ./Project_Settings/Startup_Code/startup.o
 .debug_macro   0x00000b72       0x6a ./Project_Settings/Startup_Code/startup.o
 .debug_macro   0x00000bdc      0x1df ./Project_Settings/Startup_Code/startup.o
 .debug_macro   0x00000dbb       0x10 ./Project_Settings/Startup_Code/startup.o
 .debug_macro   0x00000dcb       0x7a ./Project_Settings/Startup_Code/startup.o
 .debug_macro   0x00000e45     0xed32 ./Project_Settings/Startup_Code/startup.o
 .debug_macro   0x0000fb77      0xb86 ./Project_Settings/Startup_Code/startup.o
 .debug_macro   0x000106fd       0x22 ./Project_Settings/Startup_Code/startup.o
 .debug_macro   0x0001071f       0x40 ./Project_Settings/Startup_Code/startup.o
 .debug_macro   0x0001075f       0xb5 ./Project_Settings/Startup_Code/system_S32K144.o
 .debug_macro   0x00010814       0x19 ./Project_Settings/Startup_Code/system_S32K144.o
 .debug_macro   0x0001082d     0xed1d ./Project_Settings/Startup_Code/system_S32K144.o
 .debug_macro   0x0001f54a       0x28 ./Project_Settings/Startup_Code/system_S32K144.o
 .debug_macro   0x0001f572       0x94 ./src/Clock.o
 .debug_macro   0x0001f606      0x122 ./src/Clock.o
 .debug_macro   0x0001f728       0x16 ./src/Clock.o
 .debug_macro   0x0001f73e       0x34 ./src/Clock.o
 .debug_macro   0x0001f772      0x1f5 ./src/Gpio.o
 .debug_macro   0x0001f967       0x2e ./src/Gpio.o
 .debug_macro   0x0001f995       0x52 ./src/Gpio.o
 .debug_macro   0x0001f9e7       0x3c ./src/Gpio.o
 .debug_macro   0x0001fa23       0x9c ./src/Gpio.o
 .debug_macro   0x0001fabf       0x16 ./src/Gpio.o
 .debug_macro   0x0001fad5       0x97 ./src/Gpio.o
 .debug_macro   0x0001fb6c      0x30d ./src/Gpio.o
 .debug_macro   0x0001fe79       0xfd ./src/Gpio.o
 .debug_macro   0x0001ff76       0x10 ./src/Gpio.o
 .debug_macro   0x0001ff86       0x52 ./src/Gpio.o
 .debug_macro   0x0001ffd8       0x1f ./src/Gpio.o
 .debug_macro   0x0001fff7       0x43 ./src/Gpio.o
 .debug_macro   0x0002003a       0x20 ./src/Gpio.o
 .debug_macro   0x0002005a      0x1a3 ./src/Gpio.o
 .debug_macro   0x000201fd       0x10 ./src/Gpio.o
 .debug_macro   0x0002020d       0x1c ./src/Gpio.o
 .debug_macro   0x00020229       0x52 ./src/Gpio.o
 .debug_macro   0x0002027b       0x40 ./src/Gpio.o
 .debug_macro   0x000202bb       0x10 ./src/Gpio.o
 .debug_macro   0x000202cb       0x40 ./src/Gpio.o
 .debug_macro   0x0002030b       0xd7 ./src/Gpio.o
 .debug_macro   0x000203e2       0x16 ./src/Gpio.o
 .debug_macro   0x000203f8      0x161 ./src/Gpio.o
 .debug_macro   0x00020559      0x1e1 ./src/LPIT.o
 .debug_macro   0x0002073a       0xb8 ./src/Luart.o
 .debug_macro   0x000207f2       0xa2 ./src/main.o
 .debug_macro   0x00020894       0x1c ./src/main.o

.debug_line     0x00000000     0x19cc
 .debug_line    0x00000000      0x33a ./Project_Settings/Startup_Code/startup.o
 .debug_line    0x0000033a       0x82 ./Project_Settings/Startup_Code/startup_S32K144.o
 .debug_line    0x000003bc      0x357 ./Project_Settings/Startup_Code/system_S32K144.o
 .debug_line    0x00000713      0x351 ./src/Clock.o
 .debug_line    0x00000a64      0x4dd ./src/Gpio.o
 .debug_line    0x00000f41       0x46 ./src/Init_Stack.o
 .debug_line    0x00000f87      0x40b ./src/LPIT.o
 .debug_line    0x00001392      0x372 ./src/Luart.o
 .debug_line    0x00001704      0x2c8 ./src/main.o

.debug_str      0x00000000    0x6dfa6
 .debug_str     0x00000000    0x688b7 ./Project_Settings/Startup_Code/startup.o
                              0x68ae4 (size before relaxing)
 .debug_str     0x000688b7       0x3f ./Project_Settings/Startup_Code/startup_S32K144.o
                                 0x84 (size before relaxing)
 .debug_str     0x000688f6      0x1df ./Project_Settings/Startup_Code/system_S32K144.o
                              0x688bd (size before relaxing)
 .debug_str     0x00068ad5      0x722 ./src/Clock.o
                               0x3e6b (size before relaxing)
 .debug_str     0x000691f7     0x4877 ./src/Gpio.o
                               0x85a0 (size before relaxing)
 .debug_str     0x0006da6e       0x14 ./src/Init_Stack.o
                                 0x65 (size before relaxing)
 .debug_str     0x0006da82      0x172 ./src/LPIT.o
                               0x83cf (size before relaxing)
 .debug_str     0x0006dbf4      0x3a4 ./src/Luart.o
                               0x40bb (size before relaxing)
 .debug_str     0x0006df98        0xe ./src/main.o
                               0x3b69 (size before relaxing)

.debug_frame    0x00000000     0x100c
 .debug_frame   0x00000000       0x38 ./Project_Settings/Startup_Code/startup.o
 .debug_frame   0x00000038       0x80 ./Project_Settings/Startup_Code/system_S32K144.o
 .debug_frame   0x000000b8       0xd4 ./src/Clock.o
 .debug_frame   0x0000018c      0x1c0 ./src/Gpio.o
 .debug_frame   0x0000034c       0xac ./src/LPIT.o
 .debug_frame   0x000003f8      0x168 ./src/Luart.o
 .debug_frame   0x00000560       0x2c ./src/main.o
 .debug_frame   0x0000058c       0x20 C:/NXP/S32DS_ARM_v2.2/S32DS/build_tools/gcc_v6.3/gcc-6.3-arm32-eabi/arm-none-eabi/newlib/lib/thumb/v7e-m\libc.a(lib_a-memset.o)
 .debug_frame   0x000005ac       0x70 C:/NXP/S32DS_ARM_v2.2/S32DS/build_tools/gcc_v6.3/gcc-6.3-arm32-eabi/arm-none-eabi/newlib/lib/thumb/v7e-m\libc.a(lib_a-sprintf.o)
 .debug_frame   0x0000061c       0x40 C:/NXP/S32DS_ARM_v2.2/S32DS/build_tools/gcc_v6.3/gcc-6.3-arm32-eabi/arm-none-eabi/newlib/lib/thumb/v7e-m\libc.a(lib_a-svfprintf.o)
 .debug_frame   0x0000065c       0x4c C:/NXP/S32DS_ARM_v2.2/S32DS/build_tools/gcc_v6.3/gcc-6.3-arm32-eabi/arm-none-eabi/newlib/lib/thumb/v7e-m\libc.a(lib_a-__call_atexit.o)
 .debug_frame   0x000006a8       0x6c C:/NXP/S32DS_ARM_v2.2/S32DS/build_tools/gcc_v6.3/gcc-6.3-arm32-eabi/arm-none-eabi/newlib/lib/thumb/v7e-m\libc.a(lib_a-dtoa.o)
 .debug_frame   0x00000714       0x38 C:/NXP/S32DS_ARM_v2.2/S32DS/build_tools/gcc_v6.3/gcc-6.3-arm32-eabi/arm-none-eabi/newlib/lib/thumb/v7e-m\libc.a(lib_a-fini.o)
 .debug_frame   0x0000074c       0x40 C:/NXP/S32DS_ARM_v2.2/S32DS/build_tools/gcc_v6.3/gcc-6.3-arm32-eabi/arm-none-eabi/newlib/lib/thumb/v7e-m\libc.a(lib_a-localeconv.o)
 .debug_frame   0x0000078c       0x68 C:/NXP/S32DS_ARM_v2.2/S32DS/build_tools/gcc_v6.3/gcc-6.3-arm32-eabi/arm-none-eabi/newlib/lib/thumb/v7e-m\libc.a(lib_a-locale.o)
 .debug_frame   0x000007f4       0x40 C:/NXP/S32DS_ARM_v2.2/S32DS/build_tools/gcc_v6.3/gcc-6.3-arm32-eabi/arm-none-eabi/newlib/lib/thumb/v7e-m\libc.a(lib_a-mallocr.o)
 .debug_frame   0x00000834       0x48 C:/NXP/S32DS_ARM_v2.2/S32DS/build_tools/gcc_v6.3/gcc-6.3-arm32-eabi/arm-none-eabi/newlib/lib/thumb/v7e-m\libc.a(lib_a-mbtowc_r.o)
 .debug_frame   0x0000087c       0x28 C:/NXP/S32DS_ARM_v2.2/S32DS/build_tools/gcc_v6.3/gcc-6.3-arm32-eabi/arm-none-eabi/newlib/lib/thumb/v7e-m\libc.a(lib_a-memcpy-stub.o)
 .debug_frame   0x000008a4       0x30 C:/NXP/S32DS_ARM_v2.2/S32DS/build_tools/gcc_v6.3/gcc-6.3-arm32-eabi/arm-none-eabi/newlib/lib/thumb/v7e-m\libc.a(lib_a-mlock.o)
 .debug_frame   0x000008d4      0x238 C:/NXP/S32DS_ARM_v2.2/S32DS/build_tools/gcc_v6.3/gcc-6.3-arm32-eabi/arm-none-eabi/newlib/lib/thumb/v7e-m\libc.a(lib_a-mprec.o)
 .debug_frame   0x00000b0c       0x2c C:/NXP/S32DS_ARM_v2.2/S32DS/build_tools/gcc_v6.3/gcc-6.3-arm32-eabi/arm-none-eabi/newlib/lib/thumb/v7e-m\libc.a(lib_a-sbrkr.o)
 .debug_frame   0x00000b38       0x6c C:/NXP/S32DS_ARM_v2.2/S32DS/build_tools/gcc_v6.3/gcc-6.3-arm32-eabi/arm-none-eabi/newlib/lib/thumb/v7e-m\libc.a(lib_a-svfiprintf.o)
 .debug_frame   0x00000ba4       0x3c C:/NXP/S32DS_ARM_v2.2/S32DS/build_tools/gcc_v6.3/gcc-6.3-arm32-eabi/arm-none-eabi/newlib/lib/thumb/v7e-m\libc.a(lib_a-wctomb_r.o)
 .debug_frame   0x00000be0       0x20 C:/NXP/S32DS_ARM_v2.2/S32DS/build_tools/gcc_v6.3/gcc-6.3-arm32-eabi/arm-none-eabi/newlib/lib/thumb/v7e-m\libc.a(lib_a-atexit.o)
 .debug_frame   0x00000c00       0x28 C:/NXP/S32DS_ARM_v2.2/S32DS/build_tools/gcc_v6.3/gcc-6.3-arm32-eabi/arm-none-eabi/newlib/lib/thumb/v7e-m\libc.a(lib_a-callocr.o)
 .debug_frame   0x00000c28       0x5c C:/NXP/S32DS_ARM_v2.2/S32DS/build_tools/gcc_v6.3/gcc-6.3-arm32-eabi/arm-none-eabi/newlib/lib/thumb/v7e-m\libc.a(lib_a-freer.o)
 .debug_frame   0x00000c84       0x28 C:/NXP/S32DS_ARM_v2.2/S32DS/build_tools/gcc_v6.3/gcc-6.3-arm32-eabi/arm-none-eabi/newlib/lib/thumb/v7e-m\libc.a(lib_a-memmove.o)
 .debug_frame   0x00000cac       0x50 C:/NXP/S32DS_ARM_v2.2/S32DS/build_tools/gcc_v6.3/gcc-6.3-arm32-eabi/arm-none-eabi/newlib/lib/thumb/v7e-m\libc.a(lib_a-reallocr.o)
 .debug_frame   0x00000cfc       0x5c C:/NXP/S32DS_ARM_v2.2/S32DS/build_tools/gcc_v6.3/gcc-6.3-arm32-eabi/arm-none-eabi/newlib/lib/thumb/v7e-m\libc.a(lib_a-reent.o)
 .debug_frame   0x00000d58       0x30 C:/NXP/S32DS_ARM_v2.2/S32DS/build_tools/gcc_v6.3/gcc-6.3-arm32-eabi/arm-none-eabi/newlib/lib/thumb/v7e-m\libc.a(lib_a-__atexit.o)
 .debug_frame   0x00000d88       0xac c:/nxp/s32ds_arm_v2.2/s32ds/build_tools/gcc_v6.3/gcc-6.3-arm32-eabi/bin/../lib/gcc/arm-none-eabi/6.3.1/thumb/v7e-m\libgcc.a(_arm_addsubdf3.o)
 .debug_frame   0x00000e34       0x50 c:/nxp/s32ds_arm_v2.2/s32ds/build_tools/gcc_v6.3/gcc-6.3-arm32-eabi/bin/../lib/gcc/arm-none-eabi/6.3.1/thumb/v7e-m\libgcc.a(_arm_muldivdf3.o)
 .debug_frame   0x00000e84       0xc4 c:/nxp/s32ds_arm_v2.2/s32ds/build_tools/gcc_v6.3/gcc-6.3-arm32-eabi/bin/../lib/gcc/arm-none-eabi/6.3.1/thumb/v7e-m\libgcc.a(_arm_cmpdf2.o)
 .debug_frame   0x00000f48       0x20 c:/nxp/s32ds_arm_v2.2/s32ds/build_tools/gcc_v6.3/gcc-6.3-arm32-eabi/bin/../lib/gcc/arm-none-eabi/6.3.1/thumb/v7e-m\libgcc.a(_arm_unorddf2.o)
 .debug_frame   0x00000f68       0x24 c:/nxp/s32ds_arm_v2.2/s32ds/build_tools/gcc_v6.3/gcc-6.3-arm32-eabi/bin/../lib/gcc/arm-none-eabi/6.3.1/thumb/v7e-m\libgcc.a(_arm_fixdfsi.o)
 .debug_frame   0x00000f8c       0x2c c:/nxp/s32ds_arm_v2.2/s32ds/build_tools/gcc_v6.3/gcc-6.3-arm32-eabi/bin/../lib/gcc/arm-none-eabi/6.3.1/thumb/v7e-m\libgcc.a(_aeabi_uldivmod.o)
 .debug_frame   0x00000fb8       0x34 c:/nxp/s32ds_arm_v2.2/s32ds/build_tools/gcc_v6.3/gcc-6.3-arm32-eabi/bin/../lib/gcc/arm-none-eabi/6.3.1/thumb/v7e-m\libgcc.a(_udivmoddi4.o)
 .debug_frame   0x00000fec       0x20 C:/NXP/S32DS_ARM_v2.2/S32DS/build_tools/gcc_v6.3/gcc-6.3-arm32-eabi/arm-none-eabi/newlib/lib/thumb/v7e-m\libnosys.a(sbrk.o)
